// Vitest Snapshot v1, https://vitest.dev/guide/snapshot.html

exports[`snapshot 1`] = `
<div>
  <div
    class="MuiBox-root css-0"
  >
    <svg
      aria-hidden="true"
      class="MuiSvgIcon-root MuiSvgIcon-colorPrimary MuiSvgIcon-fontSizeMedium css-1gtxin7-MuiSvgIcon-root"
      data-testid="FolderIcon"
      focusable="false"
      viewBox="0 0 24 24"
    >
      <path
        d="M10 4H4c-1.1 0-1.99.9-1.99 2L2 18c0 1.1.9 2 2 2h16c1.1 0 2-.9 2-2V8c0-1.1-.9-2-2-2h-8l-2-2z"
      />
    </svg>
    <span
      class="MuiBox-root css-9vtw2v"
    >
      test
    </span>
  </div>
</div>
`;
