// Vitest Snapshot v1, https://vitest.dev/guide/snapshot.html

exports[`snapshot 1`] = `
<div>
  <span
    class="MuiBox-root css-1kcf2o3"
  >
    test
  </span>
</div>
`;
