// Vitest Snapshot v1, https://vitest.dev/guide/snapshot.html

exports[`snapshot 1`] = `
<div>
  <div
    class="MuiBox-root css-l57rop"
  >
    test
  </div>
</div>
`;
