// Vitest Snapshot v1, https://vitest.dev/guide/snapshot.html

exports[`snapshot 1`] = `
<div>
  <div
    class="MuiPaper-root MuiPaper-elevation MuiPaper-rounded MuiPaper-elevation1 MuiTableContainer-root css-11xur9t-MuiPaper-root-MuiTableContainer-root"
  >
    <table
      class="MuiTable-root css-rqglhn-MuiTable-root"
    >
      <thead
        class="MuiTableHead-root css-15wwp11-MuiTableHead-root"
      >
        <tr
          class="MuiTableRow-root MuiTableRow-head css-1q1u3t4-MuiTableRow-root"
        >
          <th
            class="MuiTableCell-root MuiTableCell-head MuiTableCell-sizeMedium css-1ygcj2i-MuiTableCell-root"
            scope="col"
          >
            資格名
          </th>
          <th
            class="MuiTableCell-root MuiTableCell-head MuiTableCell-sizeMedium css-1ygcj2i-MuiTableCell-root"
            scope="col"
          >
            取得年
          </th>
        </tr>
      </thead>
      <tbody
        class="MuiTableBody-root css-apqrd9-MuiTableBody-root"
      >
        <tr
          class="MuiTableRow-root css-34nofg-MuiTableRow-root"
        >
          <th
            class="MuiTableCell-root MuiTableCell-body MuiTableCell-sizeMedium css-1ex1afd-MuiTableCell-root"
            scope="row"
          >
            license1
          </th>
          <td
            class="MuiTableCell-root MuiTableCell-body MuiTableCell-alignRight MuiTableCell-sizeMedium css-177gid-MuiTableCell-root"
          >
            2022
          </td>
        </tr>
        <tr
          class="MuiTableRow-root css-34nofg-MuiTableRow-root"
        >
          <th
            class="MuiTableCell-root MuiTableCell-body MuiTableCell-sizeMedium css-1ex1afd-MuiTableCell-root"
            scope="row"
          >
            license2
          </th>
          <td
            class="MuiTableCell-root MuiTableCell-body MuiTableCell-alignRight MuiTableCell-sizeMedium css-177gid-MuiTableCell-root"
          >
            2022
          </td>
        </tr>
      </tbody>
    </table>
  </div>
</div>
`;
