// Vitest Snapshot v1, https://vitest.dev/guide/snapshot.html

exports[`snapshot 1`] = `
<div>
  <div
    class="MuiPaper-root MuiPaper-elevation MuiPaper-rounded MuiPaper-elevation1 MuiCard-root css-1ri6ub7-MuiPaper-root-MuiCard-root"
  >
    <img
      alt="green iguana"
      class="MuiCardMedia-root MuiCardMedia-media MuiCardMedia-img css-o69gx8-MuiCardMedia-root"
      src="https://images.7d0c9b77edc94b119a187f97716ed763/image.webp"
    />
    <div
      class="MuiCardContent-root css-46bh2p-MuiCardContent-root"
    >
      <div
        class="MuiTypography-root MuiTypography-h6 MuiTypography-gutterBottom css-18k87ye-MuiTypography-root"
      >
        product1
      </div>
      <div>
        <p>
          test
        </p>
      </div>
      <div
        class="MuiBox-root css-1l50nvy"
      >
        <span
          class="MuiBox-root css-1kcf2o3"
        >
          skill1
        </span>
        <span
          class="MuiBox-root css-1kcf2o3"
        >
          skill2
        </span>
      </div>
    </div>
  </div>
</div>
`;
