// Vitest Snapshot v1, https://vitest.dev/guide/snapshot.html

exports[`snapshot 1`] = `
<div>
  <div
    class="MuiBox-root css-0"
  >
    <h5
      class="MuiTypography-root MuiTypography-h5 css-wetkhg-MuiTypography-root"
    >
      Framework
    </h5>
    <div
      class="MuiGrid2-root MuiGrid2-container MuiGrid2-direction-xs-row MuiGrid2-spacing-xs-3 css-dkd71f-MuiGrid2-root"
    >
      <div
        class="MuiGrid2-root MuiGrid2-direction-xs-row MuiGrid2-grid-xs-12 MuiGrid2-grid-sm-6 MuiGrid2-grid-md-4 css-1edanj2-MuiGrid2-root"
      >
        <div
          class="MuiPaper-root MuiPaper-elevation MuiPaper-rounded MuiPaper-elevation1 css-1ps6pg7-MuiPaper-root"
        >
           
          <h6
            class="MuiTypography-root MuiTypography-h6 css-10v34n7-MuiTypography-root"
          >
            skill1
          </h6>
          <div>
            <p>
              test
            </p>
          </div>
        </div>
      </div>
    </div>
    <h5
      class="MuiTypography-root MuiTypography-h5 css-wetkhg-MuiTypography-root"
    >
      Language
    </h5>
    <div
      class="MuiGrid2-root MuiGrid2-container MuiGrid2-direction-xs-row MuiGrid2-spacing-xs-3 css-dkd71f-MuiGrid2-root"
    >
      <div
        class="MuiGrid2-root MuiGrid2-direction-xs-row MuiGrid2-grid-xs-12 MuiGrid2-grid-sm-6 MuiGrid2-grid-md-4 css-1edanj2-MuiGrid2-root"
      >
        <div
          class="MuiPaper-root MuiPaper-elevation MuiPaper-rounded MuiPaper-elevation1 css-1ps6pg7-MuiPaper-root"
        >
           
          <h6
            class="MuiTypography-root MuiTypography-h6 css-10v34n7-MuiTypography-root"
          >
            skill2
          </h6>
          <div>
            <p>
              test
            </p>
          </div>
        </div>
      </div>
    </div>
  </div>
</div>
`;
