// Vitest Snapshot v1, https://vitest.dev/guide/snapshot.html

exports[`snapshot 1`] = `
<div>
  <div
    class="MuiPaper-root MuiPaper-elevation MuiPaper-rounded MuiPaper-elevation1 css-1ps6pg7-MuiPaper-root"
  >
     
    <h6
      class="MuiTypography-root MuiTypography-h6 css-10v34n7-MuiTypography-root"
    >
      skill1
    </h6>
    <div>
      <p>
        test
      </p>
    </div>
  </div>
</div>
`;
